Java HotSpot(TM) 64-Bit Server VM (25.291-b10) for bsd-amd64 JRE (1.8.0_291-b10), built on Apr  8 2021 02:17:24 by "java_re" with gcc 4.2.1 Compatible Apple LLVM 11.0.0 (clang-1100.0.33.17)
Memory: 4k page, physical 8388608k(794052k free)

/proc/meminfo:

CommandLine flags: -XX:InitialHeapSize=1073741824 -XX:MaxHeapSize=1073741824 -XX:+PrintGC -XX:+PrintGCDateStamps -XX:+PrintGCDetails -XX:+PrintGCTimeStamps -XX:+UseCompressedClassPointers -XX:+UseCompressedOops -XX:+UseParallelGC 
2021-08-13T12:58:07.692-0800: 0.196: [GC (Allocation Failure) [PSYoungGen: 262144K->43512K(305664K)] 262144K->81320K(1005056K), 0.0199016 secs] [Times: user=0.03 sys=0.09, real=0.02 secs] 
2021-08-13T12:58:07.748-0800: 0.252: [GC (Allocation Failure) [PSYoungGen: 305575K->43512K(305664K)] 343382K->152461K(1005056K), 0.0274860 secs] [Times: user=0.05 sys=0.13, real=0.03 secs] 
2021-08-13T12:58:07.806-0800: 0.310: [GC (Allocation Failure) [PSYoungGen: 305656K->43501K(305664K)] 414605K->221008K(1005056K), 0.0220334 secs] [Times: user=0.06 sys=0.09, real=0.02 secs] 
2021-08-13T12:58:07.856-0800: 0.360: [GC (Allocation Failure) [PSYoungGen: 305645K->43509K(305664K)] 483152K->291809K(1005056K), 0.0234793 secs] [Times: user=0.07 sys=0.10, real=0.03 secs] 
2021-08-13T12:58:07.910-0800: 0.413: [GC (Allocation Failure) [PSYoungGen: 305653K->43508K(305664K)] 553953K->365095K(1005056K), 0.0245121 secs] [Times: user=0.07 sys=0.10, real=0.02 secs] 
2021-08-13T12:58:07.962-0800: 0.466: [GC (Allocation Failure) [PSYoungGen: 305652K->43512K(160256K)] 627239K->439162K(859648K), 0.0252600 secs] [Times: user=0.07 sys=0.09, real=0.02 secs] 
2021-08-13T12:58:08.001-0800: 0.505: [GC (Allocation Failure) [PSYoungGen: 160248K->76230K(232960K)] 555898K->479543K(932352K), 0.0091324 secs] [Times: user=0.05 sys=0.01, real=0.01 secs] 
2021-08-13T12:58:08.026-0800: 0.530: [GC (Allocation Failure) [PSYoungGen: 192839K->93534K(232960K)] 596152K->506409K(932352K), 0.0123140 secs] [Times: user=0.06 sys=0.01, real=0.01 secs] 
2021-08-13T12:58:08.054-0800: 0.558: [GC (Allocation Failure) [PSYoungGen: 210270K->103134K(232960K)] 623145K->534404K(932352K), 0.0230621 secs] [Times: user=0.09 sys=0.03, real=0.02 secs] 
2021-08-13T12:58:08.094-0800: 0.598: [GC (Allocation Failure) [PSYoungGen: 219870K->74167K(232960K)] 651140K->564902K(932352K), 0.0599961 secs] [Times: user=0.07 sys=0.08, real=0.06 secs] 
2021-08-13T12:58:08.171-0800: 0.675: [GC (Allocation Failure) [PSYoungGen: 190903K->40063K(232960K)] 681638K->596571K(932352K), 0.0436034 secs] [Times: user=0.07 sys=0.09, real=0.04 secs] 
2021-08-13T12:58:08.231-0800: 0.734: [GC (Allocation Failure) [PSYoungGen: 156705K->38789K(232960K)] 713213K->629068K(932352K), 0.0226278 secs] [Times: user=0.05 sys=0.06, real=0.02 secs] 
2021-08-13T12:58:08.266-0800: 0.770: [GC (Allocation Failure) [PSYoungGen: 155525K->35311K(232960K)] 745804K->660889K(932352K), 0.0185175 secs] [Times: user=0.04 sys=0.05, real=0.02 secs] 
2021-08-13T12:58:08.285-0800: 0.789: [Full GC (Ergonomics) [PSYoungGen: 35311K->0K(232960K)] [ParOldGen: 625578K->325470K(699392K)] 660889K->325470K(932352K), [Metaspace: 2571K->2571K(1056768K)], 0.2246655 secs] [Times: user=0.23 sys=0.49, real=0.23 secs] 
2021-08-13T12:58:08.555-0800: 1.058: [GC (Allocation Failure) [PSYoungGen: 116736K->39249K(232960K)] 442206K->364720K(932352K), 0.0049597 secs] [Times: user=0.03 sys=0.00, real=0.01 secs] 
Heap
 PSYoungGen      total 232960K, used 44565K [0x00000007aab00000, 0x00000007c0000000, 0x00000007c0000000)
  eden space 116736K, 4% used [0x00000007aab00000,0x00000007ab030db8,0x00000007b1d00000)
  from space 116224K, 33% used [0x00000007b8e80000,0x00000007bb4d4780,0x00000007c0000000)
  to   space 116224K, 0% used [0x00000007b1d00000,0x00000007b1d00000,0x00000007b8e80000)
 ParOldGen       total 699392K, used 325470K [0x0000000780000000, 0x00000007aab00000, 0x00000007aab00000)
  object space 699392K, 46% used [0x0000000780000000,0x0000000793dd7a48,0x00000007aab00000)
 Metaspace       used 2578K, capacity 4486K, committed 4864K, reserved 1056768K
  class space    used 276K, capacity 386K, committed 512K, reserved 1048576K
