Java HotSpot(TM) 64-Bit Server VM (25.291-b10) for bsd-amd64 JRE (1.8.0_291-b10), built on Apr  8 2021 02:17:24 by "java_re" with gcc 4.2.1 Compatible Apple LLVM 11.0.0 (clang-1100.0.33.17)
Memory: 4k page, physical 8388608k(891644k free)

/proc/meminfo:

CommandLine flags: -XX:InitialHeapSize=1073741824 -XX:MaxHeapSize=1073741824 -XX:+PrintGC -XX:+PrintGCDateStamps -XX:+PrintGCDetails -XX:+PrintGCTimeStamps -XX:+UseCompressedClassPointers -XX:+UseCompressedOops -XX:+UseSerialGC 
2021-08-13T12:57:26.121-0800: 0.218: [GC (Allocation Failure) 2021-08-13T12:57:26.121-0800: 0.219: [DefNew: 279616K->34943K(314560K), 0.0471592 secs] 279616K->89697K(1013632K), 0.0472515 secs] [Times: user=0.02 sys=0.02, real=0.04 secs] 
2021-08-13T12:57:26.205-0800: 0.302: [GC (Allocation Failure) 2021-08-13T12:57:26.205-0800: 0.302: [DefNew: 314559K->34944K(314560K), 0.0583306 secs] 369313K->167620K(1013632K), 0.0584228 secs] [Times: user=0.03 sys=0.02, real=0.06 secs] 
2021-08-13T12:57:26.297-0800: 0.394: [GC (Allocation Failure) 2021-08-13T12:57:26.297-0800: 0.395: [DefNew: 314560K->34944K(314560K), 0.0433288 secs] 447236K->240687K(1013632K), 0.0434399 secs] [Times: user=0.02 sys=0.02, real=0.05 secs] 
2021-08-13T12:57:26.372-0800: 0.470: [GC (Allocation Failure) 2021-08-13T12:57:26.372-0800: 0.470: [DefNew: 314560K->34943K(314560K), 0.0464767 secs] 520303K->319885K(1013632K), 0.0465924 secs] [Times: user=0.03 sys=0.02, real=0.04 secs] 
2021-08-13T12:57:26.451-0800: 0.548: [GC (Allocation Failure) 2021-08-13T12:57:26.451-0800: 0.548: [DefNew: 314559K->34942K(314560K), 0.0424435 secs] 599501K->390974K(1013632K), 0.0425368 secs] [Times: user=0.02 sys=0.01, real=0.04 secs] 
2021-08-13T12:57:26.524-0800: 0.621: [GC (Allocation Failure) 2021-08-13T12:57:26.524-0800: 0.621: [DefNew: 314558K->34941K(314560K), 0.0436918 secs] 670590K->464593K(1013632K), 0.0437892 secs] [Times: user=0.03 sys=0.02, real=0.04 secs] 
2021-08-13T12:57:26.600-0800: 0.697: [GC (Allocation Failure) 2021-08-13T12:57:26.600-0800: 0.698: [DefNew: 314557K->34944K(314560K), 0.0491062 secs] 744209K->544013K(1013632K), 0.0492120 secs] [Times: user=0.03 sys=0.02, real=0.05 secs] 
2021-08-13T12:57:26.680-0800: 0.777: [GC (Allocation Failure) 2021-08-13T12:57:26.680-0800: 0.777: [DefNew: 314560K->34942K(314560K), 0.0770386 secs] 823629K->620513K(1013632K), 0.0771375 secs] [Times: user=0.03 sys=0.02, real=0.07 secs] 
2021-08-13T12:57:26.788-0800: 0.885: [GC (Allocation Failure) 2021-08-13T12:57:26.788-0800: 0.885: [DefNew: 314558K->34943K(314560K), 0.0609990 secs] 900129K->702667K(1013632K), 0.0611005 secs] [Times: user=0.03 sys=0.02, real=0.06 secs] 
2021-08-13T12:57:26.881-0800: 0.978: [GC (Allocation Failure) 2021-08-13T12:57:26.881-0800: 0.978: [DefNew: 314559K->314559K(314560K), 0.0000187 secs]2021-08-13T12:57:26.881-0800: 0.978: [Tenured: 667723K->371456K(699072K), 0.0656860 secs] 982283K->371456K(1013632K), [Metaspace: 2571K->2571K(1056768K)], 0.0658252 secs] [Times: user=0.07 sys=0.00, real=0.06 secs] 
Heap
 def new generation   total 314560K, used 229052K [0x0000000780000000, 0x0000000795550000, 0x0000000795550000)
  eden space 279616K,  81% used [0x0000000780000000, 0x000000078dfaf1e0, 0x0000000791110000)
  from space 34944K,   0% used [0x0000000793330000, 0x0000000793330000, 0x0000000795550000)
  to   space 34944K,   0% used [0x0000000791110000, 0x0000000791110000, 0x0000000793330000)
 tenured generation   total 699072K, used 371456K [0x0000000795550000, 0x00000007c0000000, 0x00000007c0000000)
   the space 699072K,  53% used [0x0000000795550000, 0x00000007ac010398, 0x00000007ac010400, 0x00000007c0000000)
 Metaspace       used 2578K, capacity 4486K, committed 4864K, reserved 1056768K
  class space    used 276K, capacity 386K, committed 512K, reserved 1048576K
