Java HotSpot(TM) 64-Bit Server VM (25.291-b10) for bsd-amd64 JRE (1.8.0_291-b10), built on Apr  8 2021 02:17:24 by "java_re" with gcc 4.2.1 Compatible Apple LLVM 11.0.0 (clang-1100.0.33.17)
Memory: 4k page, physical 8388608k(989352k free)

/proc/meminfo:

CommandLine flags: -XX:InitialHeapSize=1073741824 -XX:MaxHeapSize=1073741824 -XX:+PrintGC -XX:+PrintGCDateStamps -XX:+PrintGCTimeStamps -XX:+UseCompressedClassPointers -XX:+UseCompressedOops -XX:+UseG1GC 
2021-08-13T13:05:53.529-0800: 0.113: [GC pause (G1 Evacuation Pause) (young) 61M->23M(1024M), 0.0048983 secs]
2021-08-13T13:05:53.546-0800: 0.130: [GC pause (G1 Evacuation Pause) (young) 79M->37M(1024M), 0.0037712 secs]
2021-08-13T13:05:53.563-0800: 0.147: [GC pause (G1 Evacuation Pause) (young) 96M->58M(1024M), 0.0047089 secs]
2021-08-13T13:05:53.594-0800: 0.178: [GC pause (G1 Evacuation Pause) (young) 150M->86M(1024M), 0.0068665 secs]
2021-08-13T13:05:53.619-0800: 0.203: [GC pause (G1 Evacuation Pause) (young) 185M->118M(1024M), 0.0077205 secs]
2021-08-13T13:05:53.647-0800: 0.231: [GC pause (G1 Evacuation Pause) (young) 234M->157M(1024M), 0.0086961 secs]
2021-08-13T13:05:53.768-0800: 0.352: [GC pause (G1 Evacuation Pause) (young) 477M->245M(1024M), 0.0195483 secs]
2021-08-13T13:05:53.807-0800: 0.391: [GC pause (G1 Evacuation Pause) (young) 396M->277M(1024M), 0.0065039 secs]
2021-08-13T13:05:53.868-0800: 0.452: [GC pause (G1 Evacuation Pause) (young) 582M->360M(1024M), 0.0150314 secs]
2021-08-13T13:05:53.929-0800: 0.513: [GC pause (G1 Humongous Allocation) (young) (initial-mark) 684M->429M(1024M), 0.0187997 secs]
2021-08-13T13:05:53.948-0800: 0.532: [GC concurrent-root-region-scan-start]
2021-08-13T13:05:53.948-0800: 0.532: [GC concurrent-root-region-scan-end, 0.0001283 secs]
2021-08-13T13:05:53.948-0800: 0.532: [GC concurrent-mark-start]
2021-08-13T13:05:53.950-0800: 0.534: [GC concurrent-mark-end, 0.0025070 secs]
2021-08-13T13:05:53.950-0800: 0.534: [GC remark, 0.0014306 secs]
2021-08-13T13:05:53.952-0800: 0.536: [GC cleanup 450M->438M(1024M), 0.0007090 secs]
2021-08-13T13:05:53.953-0800: 0.537: [GC concurrent-cleanup-start]
2021-08-13T13:05:53.953-0800: 0.537: [GC concurrent-cleanup-end, 0.0000155 secs]
2021-08-13T13:05:54.036-0800: 0.620: [GC pause (G1 Evacuation Pause) (young)-- 861M->678M(1024M), 0.0124641 secs]
2021-08-13T13:05:54.049-0800: 0.633: [GC pause (G1 Evacuation Pause) (mixed) 684M->598M(1024M), 0.0077844 secs]
2021-08-13T13:05:54.057-0800: 0.641: [GC pause (G1 Humongous Allocation) (young) (initial-mark) 599M->598M(1024M), 0.0014764 secs]
2021-08-13T13:05:54.059-0800: 0.643: [GC concurrent-root-region-scan-start]
2021-08-13T13:05:54.059-0800: 0.643: [GC concurrent-root-region-scan-end, 0.0000864 secs]
2021-08-13T13:05:54.059-0800: 0.643: [GC concurrent-mark-start]
2021-08-13T13:05:54.060-0800: 0.644: [GC concurrent-mark-end, 0.0012685 secs]
2021-08-13T13:05:54.060-0800: 0.644: [GC remark, 0.0012675 secs]
2021-08-13T13:05:54.061-0800: 0.646: [GC cleanup 609M->605M(1024M), 0.0007161 secs]
2021-08-13T13:05:54.062-0800: 0.646: [GC concurrent-cleanup-start]
2021-08-13T13:05:54.062-0800: 0.646: [GC concurrent-cleanup-end, 0.0000102 secs]
2021-08-13T13:05:54.105-0800: 0.689: [GC pause (G1 Evacuation Pause) (young) 871M->670M(1024M), 0.0094929 secs]
2021-08-13T13:05:54.117-0800: 0.701: [GC pause (G1 Evacuation Pause) (mixed) 697M->582M(1024M), 0.0063408 secs]
2021-08-13T13:05:54.131-0800: 0.715: [GC pause (G1 Evacuation Pause) (mixed) 639M->519M(1024M), 0.0062495 secs]
2021-08-13T13:05:54.144-0800: 0.728: [GC pause (G1 Evacuation Pause) (mixed) 574M->474M(1024M), 0.0076509 secs]
2021-08-13T13:05:54.153-0800: 0.737: [GC pause (G1 Humongous Allocation) (young) (initial-mark) 476M->475M(1024M), 0.0028716 secs]
2021-08-13T13:05:54.156-0800: 0.740: [GC concurrent-root-region-scan-start]
2021-08-13T13:05:54.156-0800: 0.740: [GC concurrent-root-region-scan-end, 0.0000865 secs]
2021-08-13T13:05:54.156-0800: 0.740: [GC concurrent-mark-start]
2021-08-13T13:05:54.157-0800: 0.741: [GC concurrent-mark-end, 0.0014385 secs]
2021-08-13T13:05:54.157-0800: 0.741: [GC remark, 0.0023590 secs]
2021-08-13T13:05:54.160-0800: 0.744: [GC cleanup 483M->475M(1024M), 0.0007446 secs]
2021-08-13T13:05:54.161-0800: 0.745: [GC concurrent-cleanup-start]
2021-08-13T13:05:54.161-0800: 0.745: [GC concurrent-cleanup-end, 0.0000153 secs]
2021-08-13T13:05:54.209-0800: 0.793: [GC pause (G1 Evacuation Pause) (young) 830M->559M(1024M), 0.0103189 secs]
2021-08-13T13:05:54.222-0800: 0.806: [GC pause (G1 Evacuation Pause) (mixed) 579M->488M(1024M), 0.0113100 secs]
2021-08-13T13:05:54.241-0800: 0.825: [GC pause (G1 Evacuation Pause) (mixed) 548M->489M(1024M), 0.0038033 secs]
2021-08-13T13:05:54.245-0800: 0.830: [GC pause (G1 Humongous Allocation) (young) (initial-mark) 493M->491M(1024M), 0.0021176 secs]
2021-08-13T13:05:54.248-0800: 0.832: [GC concurrent-root-region-scan-start]
2021-08-13T13:05:54.248-0800: 0.832: [GC concurrent-root-region-scan-end, 0.0000815 secs]
2021-08-13T13:05:54.248-0800: 0.832: [GC concurrent-mark-start]
2021-08-13T13:05:54.249-0800: 0.833: [GC concurrent-mark-end, 0.0009989 secs]
2021-08-13T13:05:54.249-0800: 0.833: [GC remark, 0.0024130 secs]
2021-08-13T13:05:54.251-0800: 0.835: [GC cleanup 501M->496M(1024M), 0.0006455 secs]
2021-08-13T13:05:54.252-0800: 0.836: [GC concurrent-cleanup-start]
2021-08-13T13:05:54.252-0800: 0.836: [GC concurrent-cleanup-end, 0.0000121 secs]
2021-08-13T13:05:54.294-0800: 0.878: [GC pause (G1 Evacuation Pause) (young) 828M->560M(1024M), 0.0093675 secs]
2021-08-13T13:05:54.306-0800: 0.890: [GC pause (G1 Evacuation Pause) (mixed) 577M->489M(1024M), 0.0094147 secs]
2021-08-13T13:05:54.322-0800: 0.906: [GC pause (G1 Evacuation Pause) (mixed) 542M->486M(1024M), 0.0054338 secs]
2021-08-13T13:05:54.328-0800: 0.912: [GC pause (G1 Humongous Allocation) (young) (initial-mark) 488M->486M(1024M), 0.0022398 secs]
2021-08-13T13:05:54.330-0800: 0.914: [GC concurrent-root-region-scan-start]
2021-08-13T13:05:54.330-0800: 0.914: [GC concurrent-root-region-scan-end, 0.0001158 secs]
2021-08-13T13:05:54.330-0800: 0.914: [GC concurrent-mark-start]
2021-08-13T13:05:54.331-0800: 0.915: [GC concurrent-mark-end, 0.0009533 secs]
2021-08-13T13:05:54.331-0800: 0.915: [GC remark, 0.0018284 secs]
2021-08-13T13:05:54.333-0800: 0.917: [GC cleanup 494M->490M(1024M), 0.0006733 secs]
2021-08-13T13:05:54.334-0800: 0.918: [GC concurrent-cleanup-start]
2021-08-13T13:05:54.334-0800: 0.918: [GC concurrent-cleanup-end, 0.0000094 secs]
2021-08-13T13:05:54.371-0800: 0.955: [GC pause (G1 Evacuation Pause) (young) 834M->556M(1024M), 0.0108263 secs]
2021-08-13T13:05:54.384-0800: 0.968: [GC pause (G1 Evacuation Pause) (mixed) 576M->487M(1024M), 0.0094473 secs]
2021-08-13T13:05:54.401-0800: 0.985: [GC pause (G1 Evacuation Pause) (mixed) 540M->486M(1024M), 0.0042624 secs]
2021-08-13T13:05:54.405-0800: 0.989: [GC pause (G1 Humongous Allocation) (young) (initial-mark) 489M->487M(1024M), 0.0020267 secs]
2021-08-13T13:05:54.407-0800: 0.991: [GC concurrent-root-region-scan-start]
2021-08-13T13:05:54.407-0800: 0.992: [GC concurrent-root-region-scan-end, 0.0000703 secs]
2021-08-13T13:05:54.407-0800: 0.992: [GC concurrent-mark-start]
2021-08-13T13:05:54.408-0800: 0.992: [GC concurrent-mark-end, 0.0009385 secs]
2021-08-13T13:05:54.409-0800: 0.993: [GC remark, 0.0020467 secs]
2021-08-13T13:05:54.411-0800: 0.995: [GC cleanup 494M->488M(1024M), 0.0007961 secs]
2021-08-13T13:05:54.412-0800: 0.996: [GC concurrent-cleanup-start]
2021-08-13T13:05:54.412-0800: 0.996: [GC concurrent-cleanup-end, 0.0000121 secs]
2021-08-13T13:05:54.450-0800: 1.034: [GC pause (G1 Evacuation Pause) (young) 819M->554M(1024M), 0.0093752 secs]
2021-08-13T13:05:54.462-0800: 1.046: [GC pause (G1 Evacuation Pause) (mixed) 575M->486M(1024M), 0.0089203 secs]
2021-08-13T13:05:54.479-0800: 1.063: [GC pause (G1 Evacuation Pause) (mixed) 544M->489M(1024M), 0.0046506 secs]
2021-08-13T13:05:54.484-0800: 1.068: [GC pause (G1 Humongous Allocation) (young) (initial-mark) 493M->490M(1024M), 0.0024892 secs]
2021-08-13T13:05:54.487-0800: 1.071: [GC concurrent-root-region-scan-start]
2021-08-13T13:05:54.487-0800: 1.071: [GC concurrent-root-region-scan-end, 0.0000777 secs]
2021-08-13T13:05:54.487-0800: 1.071: [GC concurrent-mark-start]
2021-08-13T13:05:54.489-0800: 1.073: [GC concurrent-mark-end, 0.0018805 secs]
2021-08-13T13:05:54.489-0800: 1.073: [GC remark, 0.0019947 secs]
2021-08-13T13:05:54.491-0800: 1.075: [GC cleanup 497M->494M(1024M), 0.0005802 secs]
2021-08-13T13:05:54.491-0800: 1.076: [GC concurrent-cleanup-start]
2021-08-13T13:05:54.491-0800: 1.076: [GC concurrent-cleanup-end, 0.0000093 secs]
