Java HotSpot(TM) 64-Bit Server VM (25.291-b10) for bsd-amd64 JRE (1.8.0_291-b10), built on Apr  8 2021 02:17:24 by "java_re" with gcc 4.2.1 Compatible Apple LLVM 11.0.0 (clang-1100.0.33.17)
Memory: 4k page, physical 8388608k(28064k free)

/proc/meminfo:

CommandLine flags: -XX:InitialHeapSize=1073741824 -XX:MaxHeapSize=1073741824 -XX:+PrintGC -XX:+PrintGCDateStamps -XX:+PrintGCDetails -XX:+PrintGCTimeStamps -XX:+UseCompressedClassPointers -XX:+UseCompressedOops -XX:+UseG1GC 
2021-08-13T13:05:10.349-0800: 0.175: [GC pause (G1 Evacuation Pause) (young), 0.0042255 secs]
   [Parallel Time: 3.5 ms, GC Workers: 8]
      [GC Worker Start (ms): Min: 175.2, Avg: 175.3, Max: 175.3, Diff: 0.1]
      [Ext Root Scanning (ms): Min: 0.1, Avg: 0.3, Max: 0.7, Diff: 0.6, Sum: 2.0]
      [Update RS (ms): Min: 0.0, Avg: 0.0, Max: 0.0, Diff: 0.0, Sum: 0.0]
         [Processed Buffers: Min: 0, Avg: 0.0, Max: 0, Diff: 0, Sum: 0]
      [Scan RS (ms): Min: 0.0, Avg: 0.0, Max: 0.0, Diff: 0.0, Sum: 0.0]
      [Code Root Scanning (ms): Min: 0.0, Avg: 0.0, Max: 0.2, Diff: 0.2, Sum: 0.2]
      [Object Copy (ms): Min: 2.3, Avg: 2.6, Max: 2.9, Diff: 0.6, Sum: 20.9]
      [Termination (ms): Min: 0.0, Avg: 0.2, Max: 0.4, Diff: 0.4, Sum: 1.9]
         [Termination Attempts: Min: 1, Avg: 1.0, Max: 1, Diff: 0, Sum: 8]
      [GC Worker Other (ms): Min: 0.0, Avg: 0.0, Max: 0.0, Diff: 0.0, Sum: 0.1]
      [GC Worker Total (ms): Min: 3.1, Avg: 3.2, Max: 3.3, Diff: 0.2, Sum: 25.2]
      [GC Worker End (ms): Min: 178.4, Avg: 178.4, Max: 178.5, Diff: 0.1]
   [Code Root Fixup: 0.0 ms]
   [Code Root Purge: 0.0 ms]
   [Clear CT: 0.1 ms]
   [Other: 0.7 ms]
      [Choose CSet: 0.0 ms]
      [Ref Proc: 0.2 ms]
      [Ref Enq: 0.0 ms]
      [Redirty Cards: 0.1 ms]
      [Humongous Register: 0.1 ms]
      [Humongous Reclaim: 0.0 ms]
      [Free CSet: 0.0 ms]
   [Eden: 51.0M(51.0M)->0.0B(44.0M) Survivors: 0.0B->7168.0K Heap: 63.8M(1024.0M)->18.0M(1024.0M)]
 [Times: user=0.01 sys=0.01, real=0.01 secs] 
2021-08-13T13:05:10.368-0800: 0.193: [GC pause (G1 Evacuation Pause) (young), 0.0061551 secs]
   [Parallel Time: 5.2 ms, GC Workers: 8]
      [GC Worker Start (ms): Min: 193.3, Avg: 193.4, Max: 193.4, Diff: 0.1]
      [Ext Root Scanning (ms): Min: 0.1, Avg: 0.1, Max: 0.2, Diff: 0.1, Sum: 0.8]
      [Update RS (ms): Min: 0.3, Avg: 0.4, Max: 0.5, Diff: 0.2, Sum: 2.9]
         [Processed Buffers: Min: 5, Avg: 6.1, Max: 7, Diff: 2, Sum: 49]
      [Scan RS (ms): Min: 0.0, Avg: 0.0, Max: 0.0, Diff: 0.0, Sum: 0.0]
      [Code Root Scanning (ms): Min: 0.0, Avg: 0.0, Max: 0.0, Diff: 0.0, Sum: 0.0]
      [Object Copy (ms): Min: 3.8, Avg: 4.1, Max: 4.5, Diff: 0.8, Sum: 32.5]
      [Termination (ms): Min: 0.0, Avg: 0.5, Max: 0.7, Diff: 0.7, Sum: 4.0]
         [Termination Attempts: Min: 1, Avg: 1.0, Max: 1, Diff: 0, Sum: 8]
      [GC Worker Other (ms): Min: 0.0, Avg: 0.0, Max: 0.0, Diff: 0.0, Sum: 0.1]
      [GC Worker Total (ms): Min: 5.0, Avg: 5.1, Max: 5.1, Diff: 0.1, Sum: 40.5]
      [GC Worker End (ms): Min: 198.4, Avg: 198.4, Max: 198.5, Diff: 0.1]
   [Code Root Fixup: 0.0 ms]
   [Code Root Purge: 0.0 ms]
   [Clear CT: 0.1 ms]
   [Other: 0.9 ms]
      [Choose CSet: 0.0 ms]
      [Ref Proc: 0.6 ms]
      [Ref Enq: 0.0 ms]
      [Redirty Cards: 0.1 ms]
      [Humongous Register: 0.0 ms]
      [Humongous Reclaim: 0.0 ms]
      [Free CSet: 0.0 ms]
   [Eden: 44.0M(44.0M)->0.0B(46.0M) Survivors: 7168.0K->7168.0K Heap: 71.7M(1024.0M)->38.6M(1024.0M)]
 [Times: user=0.02 sys=0.01, real=0.01 secs] 
2021-08-13T13:05:10.389-0800: 0.215: [GC pause (G1 Evacuation Pause) (young), 0.0228612 secs]
   [Parallel Time: 21.8 ms, GC Workers: 8]
      [GC Worker Start (ms): Min: 215.0, Avg: 215.1, Max: 215.2, Diff: 0.2]
      [Ext Root Scanning (ms): Min: 0.0, Avg: 0.1, Max: 0.2, Diff: 0.2, Sum: 0.8]
      [Update RS (ms): Min: 0.5, Avg: 0.6, Max: 0.6, Diff: 0.1, Sum: 4.5]
         [Processed Buffers: Min: 3, Avg: 7.0, Max: 10, Diff: 7, Sum: 56]
      [Scan RS (ms): Min: 0.0, Avg: 0.0, Max: 0.0, Diff: 0.0, Sum: 0.0]
      [Code Root Scanning (ms): Min: 0.0, Avg: 0.0, Max: 0.0, Diff: 0.0, Sum: 0.0]
      [Object Copy (ms): Min: 16.3, Avg: 18.6, Max: 20.8, Diff: 4.5, Sum: 149.2]
      [Termination (ms): Min: 0.0, Avg: 2.2, Max: 4.5, Diff: 4.5, Sum: 18.0]
         [Termination Attempts: Min: 1, Avg: 1.0, Max: 1, Diff: 0, Sum: 8]
      [GC Worker Other (ms): Min: 0.0, Avg: 0.0, Max: 0.0, Diff: 0.0, Sum: 0.1]
      [GC Worker Total (ms): Min: 21.4, Avg: 21.6, Max: 21.8, Diff: 0.3, Sum: 172.5]
      [GC Worker End (ms): Min: 236.6, Avg: 236.6, Max: 236.8, Diff: 0.2]
   [Code Root Fixup: 0.0 ms]
   [Code Root Purge: 0.0 ms]
   [Clear CT: 0.1 ms]
   [Other: 1.0 ms]
      [Choose CSet: 0.0 ms]
      [Ref Proc: 0.6 ms]
      [Ref Enq: 0.0 ms]
      [Redirty Cards: 0.1 ms]
      [Humongous Register: 0.0 ms]
      [Humongous Reclaim: 0.0 ms]
      [Free CSet: 0.0 ms]
   [Eden: 46.0M(46.0M)->0.0B(66.0M) Survivors: 7168.0K->7168.0K Heap: 98.7M(1024.0M)->60.6M(1024.0M)]
 [Times: user=0.03 sys=0.02, real=0.03 secs] 
2021-08-13T13:05:10.449-0800: 0.275: [GC pause (G1 Evacuation Pause) (young), 0.0107328 secs]
   [Parallel Time: 9.8 ms, GC Workers: 8]
      [GC Worker Start (ms): Min: 275.1, Avg: 275.3, Max: 275.5, Diff: 0.4]
      [Ext Root Scanning (ms): Min: 0.0, Avg: 0.1, Max: 0.1, Diff: 0.1, Sum: 0.6]
      [Update RS (ms): Min: 0.0, Avg: 0.1, Max: 0.3, Diff: 0.3, Sum: 0.9]
         [Processed Buffers: Min: 0, Avg: 1.5, Max: 4, Diff: 4, Sum: 12]
      [Scan RS (ms): Min: 0.1, Avg: 0.2, Max: 0.4, Diff: 0.3, Sum: 1.7]
      [Code Root Scanning (ms): Min: 0.0, Avg: 0.0, Max: 0.0, Diff: 0.0, Sum: 0.0]
      [Object Copy (ms): Min: 8.3, Avg: 8.6, Max: 8.9, Diff: 0.6, Sum: 69.0]
      [Termination (ms): Min: 0.0, Avg: 0.4, Max: 0.6, Diff: 0.6, Sum: 3.2]
         [Termination Attempts: Min: 1, Avg: 1.0, Max: 1, Diff: 0, Sum: 8]
      [GC Worker Other (ms): Min: 0.0, Avg: 0.0, Max: 0.0, Diff: 0.0, Sum: 0.1]
      [GC Worker Total (ms): Min: 9.1, Avg: 9.4, Max: 9.7, Diff: 0.6, Sum: 75.5]
      [GC Worker End (ms): Min: 284.6, Avg: 284.7, Max: 284.8, Diff: 0.2]
   [Code Root Fixup: 0.0 ms]
   [Code Root Purge: 0.0 ms]
   [Clear CT: 0.1 ms]
   [Other: 0.9 ms]
      [Choose CSet: 0.0 ms]
      [Ref Proc: 0.6 ms]
      [Ref Enq: 0.0 ms]
      [Redirty Cards: 0.1 ms]
      [Humongous Register: 0.0 ms]
      [Humongous Reclaim: 0.1 ms]
      [Free CSet: 0.0 ms]
   [Eden: 66.0M(66.0M)->0.0B(73.0M) Survivors: 7168.0K->10.0M Heap: 144.1M(1024.0M)->90.6M(1024.0M)]
 [Times: user=0.02 sys=0.02, real=0.02 secs] 
2021-08-13T13:05:10.475-0800: 0.300: [GC pause (G1 Evacuation Pause) (young), 0.0177944 secs]
   [Parallel Time: 16.7 ms, GC Workers: 8]
      [GC Worker Start (ms): Min: 300.2, Avg: 300.3, Max: 300.3, Diff: 0.1]
      [Ext Root Scanning (ms): Min: 0.1, Avg: 0.1, Max: 0.2, Diff: 0.1, Sum: 0.8]
      [Update RS (ms): Min: 0.1, Avg: 0.1, Max: 0.1, Diff: 0.1, Sum: 0.8]
         [Processed Buffers: Min: 0, Avg: 1.8, Max: 2, Diff: 2, Sum: 14]
      [Scan RS (ms): Min: 0.0, Avg: 0.0, Max: 0.0, Diff: 0.0, Sum: 0.0]
      [Code Root Scanning (ms): Min: 0.0, Avg: 0.0, Max: 0.0, Diff: 0.0, Sum: 0.0]
      [Object Copy (ms): Min: 15.0, Avg: 15.7, Max: 16.3, Diff: 1.3, Sum: 125.5]
      [Termination (ms): Min: 0.0, Avg: 0.6, Max: 1.3, Diff: 1.3, Sum: 5.1]
         [Termination Attempts: Min: 1, Avg: 1.8, Max: 3, Diff: 2, Sum: 14]
      [GC Worker Other (ms): Min: 0.0, Avg: 0.0, Max: 0.0, Diff: 0.0, Sum: 0.1]
      [GC Worker Total (ms): Min: 16.5, Avg: 16.5, Max: 16.6, Diff: 0.1, Sum: 132.3]
      [GC Worker End (ms): Min: 316.8, Avg: 316.8, Max: 316.9, Diff: 0.1]
   [Code Root Fixup: 0.0 ms]
   [Code Root Purge: 0.0 ms]
   [Clear CT: 0.1 ms]
   [Other: 1.0 ms]
      [Choose CSet: 0.0 ms]
      [Ref Proc: 0.7 ms]
      [Ref Enq: 0.0 ms]
      [Redirty Cards: 0.1 ms]
      [Humongous Register: 0.0 ms]
      [Humongous Reclaim: 0.0 ms]
      [Free CSet: 0.0 ms]
   [Eden: 73.0M(73.0M)->0.0B(89.0M) Survivors: 10.0M->11.0M Heap: 178.4M(1024.0M)->113.7M(1024.0M)]
 [Times: user=0.02 sys=0.02, real=0.02 secs] 
2021-08-13T13:05:10.517-0800: 0.343: [GC pause (G1 Evacuation Pause) (young), 0.0261087 secs]
   [Parallel Time: 25.1 ms, GC Workers: 8]
      [GC Worker Start (ms): Min: 342.7, Avg: 342.8, Max: 343.0, Diff: 0.3]
      [Ext Root Scanning (ms): Min: 0.0, Avg: 0.1, Max: 0.3, Diff: 0.3, Sum: 0.9]
      [Update RS (ms): Min: 0.0, Avg: 0.1, Max: 0.2, Diff: 0.2, Sum: 0.8]
         [Processed Buffers: Min: 0, Avg: 1.8, Max: 3, Diff: 3, Sum: 14]
      [Scan RS (ms): Min: 0.0, Avg: 0.0, Max: 0.0, Diff: 0.0, Sum: 0.1]
      [Code Root Scanning (ms): Min: 0.0, Avg: 0.0, Max: 0.0, Diff: 0.0, Sum: 0.0]
      [Object Copy (ms): Min: 23.1, Avg: 23.8, Max: 24.6, Diff: 1.5, Sum: 190.7]
      [Termination (ms): Min: 0.0, Avg: 0.8, Max: 1.6, Diff: 1.6, Sum: 6.6]
         [Termination Attempts: Min: 1, Avg: 1.0, Max: 1, Diff: 0, Sum: 8]
      [GC Worker Other (ms): Min: 0.0, Avg: 0.0, Max: 0.0, Diff: 0.0, Sum: 0.1]
      [GC Worker Total (ms): Min: 24.6, Avg: 24.9, Max: 25.0, Diff: 0.4, Sum: 199.1]
      [GC Worker End (ms): Min: 367.6, Avg: 367.7, Max: 367.7, Diff: 0.1]
   [Code Root Fixup: 0.0 ms]
   [Code Root Purge: 0.0 ms]
   [Clear CT: 0.1 ms]
   [Other: 1.0 ms]
      [Choose CSet: 0.0 ms]
      [Ref Proc: 0.6 ms]
      [Ref Enq: 0.0 ms]
      [Redirty Cards: 0.1 ms]
      [Humongous Register: 0.1 ms]
      [Humongous Reclaim: 0.1 ms]
      [Free CSet: 0.0 ms]
   [Eden: 89.0M(89.0M)->0.0B(122.0M) Survivors: 11.0M->13.0M Heap: 230.4M(1024.0M)->149.2M(1024.0M)]
 [Times: user=0.02 sys=0.03, real=0.03 secs] 
2021-08-13T13:05:10.590-0800: 0.416: [GC pause (G1 Evacuation Pause) (young), 0.0213627 secs]
   [Parallel Time: 20.3 ms, GC Workers: 8]
      [GC Worker Start (ms): Min: 415.7, Avg: 415.8, Max: 416.2, Diff: 0.5]
      [Ext Root Scanning (ms): Min: 0.0, Avg: 0.1, Max: 0.2, Diff: 0.2, Sum: 0.7]
      [Update RS (ms): Min: 0.0, Avg: 0.1, Max: 0.3, Diff: 0.3, Sum: 1.1]
         [Processed Buffers: Min: 0, Avg: 1.9, Max: 4, Diff: 4, Sum: 15]
      [Scan RS (ms): Min: 0.0, Avg: 0.0, Max: 0.0, Diff: 0.0, Sum: 0.1]
      [Code Root Scanning (ms): Min: 0.0, Avg: 0.0, Max: 0.0, Diff: 0.0, Sum: 0.0]
      [Object Copy (ms): Min: 18.2, Avg: 18.9, Max: 19.6, Diff: 1.5, Sum: 151.0]
      [Termination (ms): Min: 0.0, Avg: 0.9, Max: 1.6, Diff: 1.6, Sum: 7.0]
         [Termination Attempts: Min: 1, Avg: 1.0, Max: 1, Diff: 0, Sum: 8]
      [GC Worker Other (ms): Min: 0.0, Avg: 0.0, Max: 0.0, Diff: 0.0, Sum: 0.1]
      [GC Worker Total (ms): Min: 19.5, Avg: 20.0, Max: 20.2, Diff: 0.7, Sum: 160.1]
      [GC Worker End (ms): Min: 435.7, Avg: 435.8, Max: 436.0, Diff: 0.2]
   [Code Root Fixup: 0.0 ms]
   [Code Root Purge: 0.0 ms]
   [Clear CT: 0.1 ms]
   [Other: 1.0 ms]
      [Choose CSet: 0.0 ms]
      [Ref Proc: 0.6 ms]
      [Ref Enq: 0.0 ms]
      [Redirty Cards: 0.1 ms]
      [Humongous Register: 0.1 ms]
      [Humongous Reclaim: 0.1 ms]
      [Free CSet: 0.0 ms]
   [Eden: 122.0M(122.0M)->0.0B(145.0M) Survivors: 13.0M->17.0M Heap: 307.5M(1024.0M)->192.6M(1024.0M)]
 [Times: user=0.03 sys=0.03, real=0.02 secs] 
2021-08-13T13:05:10.654-0800: 0.479: [GC pause (G1 Evacuation Pause) (young), 0.0282919 secs]
   [Parallel Time: 25.5 ms, GC Workers: 8]
      [GC Worker Start (ms): Min: 479.4, Avg: 479.4, Max: 479.5, Diff: 0.1]
      [Ext Root Scanning (ms): Min: 0.1, Avg: 0.1, Max: 0.2, Diff: 0.1, Sum: 0.8]
      [Update RS (ms): Min: 0.2, Avg: 0.2, Max: 0.2, Diff: 0.1, Sum: 1.7]
         [Processed Buffers: Min: 0, Avg: 3.2, Max: 4, Diff: 4, Sum: 26]
      [Scan RS (ms): Min: 0.0, Avg: 0.0, Max: 0.0, Diff: 0.0, Sum: 0.1]
      [Code Root Scanning (ms): Min: 0.0, Avg: 0.0, Max: 0.0, Diff: 0.0, Sum: 0.0]
      [Object Copy (ms): Min: 24.2, Avg: 24.4, Max: 24.9, Diff: 0.7, Sum: 195.5]
      [Termination (ms): Min: 0.0, Avg: 0.6, Max: 0.8, Diff: 0.8, Sum: 4.7]
         [Termination Attempts: Min: 1, Avg: 1.0, Max: 1, Diff: 0, Sum: 8]
      [GC Worker Other (ms): Min: 0.0, Avg: 0.0, Max: 0.0, Diff: 0.0, Sum: 0.1]
      [GC Worker Total (ms): Min: 25.3, Avg: 25.4, Max: 25.5, Diff: 0.2, Sum: 202.8]
      [GC Worker End (ms): Min: 504.7, Avg: 504.8, Max: 504.9, Diff: 0.1]
   [Code Root Fixup: 0.0 ms]
   [Code Root Purge: 0.0 ms]
   [Clear CT: 0.1 ms]
   [Other: 2.7 ms]
      [Choose CSet: 0.0 ms]
      [Ref Proc: 0.6 ms]
      [Ref Enq: 0.0 ms]
      [Redirty Cards: 0.1 ms]
      [Humongous Register: 0.1 ms]
      [Humongous Reclaim: 1.0 ms]
      [Free CSet: 0.9 ms]
   [Eden: 145.0M(145.0M)->0.0B(149.0M) Survivors: 17.0M->21.0M Heap: 388.3M(1024.0M)->249.3M(1024.0M)]
 [Times: user=0.03 sys=0.05, real=0.03 secs] 
2021-08-13T13:05:10.709-0800: 0.535: [GC pause (G1 Evacuation Pause) (young), 0.0308359 secs]
   [Parallel Time: 29.5 ms, GC Workers: 8]
      [GC Worker Start (ms): Min: 534.6, Avg: 534.9, Max: 535.8, Diff: 1.2]
      [Ext Root Scanning (ms): Min: 0.0, Avg: 0.1, Max: 0.2, Diff: 0.2, Sum: 0.8]
      [Update RS (ms): Min: 0.0, Avg: 0.4, Max: 1.7, Diff: 1.7, Sum: 3.2]
         [Processed Buffers: Min: 0, Avg: 2.9, Max: 6, Diff: 6, Sum: 23]
      [Scan RS (ms): Min: 0.0, Avg: 0.0, Max: 0.1, Diff: 0.1, Sum: 0.3]
      [Code Root Scanning (ms): Min: 0.0, Avg: 0.0, Max: 0.0, Diff: 0.0, Sum: 0.0]
      [Object Copy (ms): Min: 26.4, Avg: 27.3, Max: 27.9, Diff: 1.5, Sum: 218.7]
      [Termination (ms): Min: 0.6, Avg: 1.3, Max: 2.3, Diff: 1.7, Sum: 10.0]
         [Termination Attempts: Min: 1, Avg: 2.1, Max: 3, Diff: 2, Sum: 17]
      [GC Worker Other (ms): Min: 0.0, Avg: 0.0, Max: 0.0, Diff: 0.0, Sum: 0.1]
      [GC Worker Total (ms): Min: 28.2, Avg: 29.1, Max: 29.5, Diff: 1.3, Sum: 233.2]
      [GC Worker End (ms): Min: 564.0, Avg: 564.1, Max: 564.1, Diff: 0.2]
   [Code Root Fixup: 0.0 ms]
   [Code Root Purge: 0.0 ms]
   [Clear CT: 0.1 ms]
   [Other: 1.2 ms]
      [Choose CSet: 0.0 ms]
      [Ref Proc: 0.7 ms]
      [Ref Enq: 0.0 ms]
      [Redirty Cards: 0.1 ms]
      [Humongous Register: 0.1 ms]
      [Humongous Reclaim: 0.1 ms]
      [Free CSet: 0.1 ms]
   [Eden: 149.0M(149.0M)->0.0B(184.0M) Survivors: 21.0M->22.0M Heap: 435.3M(1024.0M)->298.5M(1024.0M)]
 [Times: user=0.04 sys=0.05, real=0.04 secs] 
2021-08-13T13:05:10.785-0800: 0.611: [GC pause (G1 Evacuation Pause) (young), 0.0481888 secs]
   [Parallel Time: 46.0 ms, GC Workers: 8]
      [GC Worker Start (ms): Min: 611.0, Avg: 611.1, Max: 611.7, Diff: 0.7]
      [Ext Root Scanning (ms): Min: 0.0, Avg: 0.2, Max: 0.6, Diff: 0.6, Sum: 1.3]
      [Update RS (ms): Min: 0.0, Avg: 0.3, Max: 0.8, Diff: 0.8, Sum: 2.0]
         [Processed Buffers: Min: 0, Avg: 2.9, Max: 5, Diff: 5, Sum: 23]
      [Scan RS (ms): Min: 0.0, Avg: 0.0, Max: 0.0, Diff: 0.0, Sum: 0.1]
      [Code Root Scanning (ms): Min: 0.0, Avg: 0.0, Max: 0.0, Diff: 0.0, Sum: 0.0]
      [Object Copy (ms): Min: 44.2, Avg: 44.9, Max: 45.4, Diff: 1.2, Sum: 359.0]
      [Termination (ms): Min: 0.0, Avg: 0.4, Max: 0.9, Diff: 0.9, Sum: 3.5]
         [Termination Attempts: Min: 1, Avg: 1.0, Max: 1, Diff: 0, Sum: 8]
      [GC Worker Other (ms): Min: 0.0, Avg: 0.0, Max: 0.0, Diff: 0.0, Sum: 0.1]
      [GC Worker Total (ms): Min: 45.2, Avg: 45.8, Max: 46.0, Diff: 0.8, Sum: 366.0]
      [GC Worker End (ms): Min: 656.9, Avg: 656.9, Max: 657.0, Diff: 0.1]
   [Code Root Fixup: 0.0 ms]
   [Code Root Purge: 0.0 ms]
   [Clear CT: 0.1 ms]
   [Other: 2.1 ms]
      [Choose CSet: 0.0 ms]
      [Ref Proc: 0.7 ms]
      [Ref Enq: 0.0 ms]
      [Redirty Cards: 0.1 ms]
      [Humongous Register: 0.1 ms]
      [Humongous Reclaim: 0.8 ms]
      [Free CSet: 0.3 ms]
   [Eden: 184.0M(184.0M)->0.0B(459.0M) Survivors: 22.0M->26.0M Heap: 525.4M(1024.0M)->351.2M(1024.0M)]
 [Times: user=0.04 sys=0.06, real=0.05 secs] 
2021-08-13T13:05:10.890-0800: 0.715: [GC pause (G1 Humongous Allocation) (young) (initial-mark), 0.0499426 secs]
   [Parallel Time: 48.4 ms, GC Workers: 8]
      [GC Worker Start (ms): Min: 715.3, Avg: 715.4, Max: 715.5, Diff: 0.2]
      [Ext Root Scanning (ms): Min: 0.3, Avg: 0.5, Max: 1.2, Diff: 0.9, Sum: 4.0]
      [Update RS (ms): Min: 0.0, Avg: 0.5, Max: 1.5, Diff: 1.5, Sum: 4.2]
         [Processed Buffers: Min: 0, Avg: 2.4, Max: 6, Diff: 6, Sum: 19]
      [Scan RS (ms): Min: 0.0, Avg: 0.0, Max: 0.1, Diff: 0.1, Sum: 0.2]
      [Code Root Scanning (ms): Min: 0.0, Avg: 0.0, Max: 0.0, Diff: 0.0, Sum: 0.0]
      [Object Copy (ms): Min: 46.1, Avg: 46.6, Max: 47.3, Diff: 1.2, Sum: 372.4]
      [Termination (ms): Min: 0.0, Avg: 0.6, Max: 0.9, Diff: 0.9, Sum: 4.7]
         [Termination Attempts: Min: 1, Avg: 1.2, Max: 3, Diff: 2, Sum: 10]
      [GC Worker Other (ms): Min: 0.0, Avg: 0.0, Max: 0.0, Diff: 0.0, Sum: 0.1]
      [GC Worker Total (ms): Min: 48.1, Avg: 48.2, Max: 48.3, Diff: 0.2, Sum: 385.6]
      [GC Worker End (ms): Min: 763.5, Avg: 763.6, Max: 763.6, Diff: 0.1]
   [Code Root Fixup: 0.0 ms]
   [Code Root Purge: 0.0 ms]
   [Clear CT: 0.1 ms]
   [Other: 1.5 ms]
      [Choose CSet: 0.0 ms]
      [Ref Proc: 0.7 ms]
      [Ref Enq: 0.0 ms]
      [Redirty Cards: 0.2 ms]
      [Humongous Register: 0.1 ms]
      [Humongous Reclaim: 0.1 ms]
      [Free CSet: 0.2 ms]
   [Eden: 207.0M(459.0M)->0.0B(148.0M) Survivors: 26.0M->61.0M Heap: 614.4M(1024.0M)->418.9M(1024.0M)]
 [Times: user=0.05 sys=0.10, real=0.05 secs] 
2021-08-13T13:05:10.940-0800: 0.765: [GC concurrent-root-region-scan-start]
2021-08-13T13:05:10.940-0800: 0.766: [GC concurrent-root-region-scan-end, 0.0002320 secs]
2021-08-13T13:05:10.940-0800: 0.766: [GC concurrent-mark-start]
2021-08-13T13:05:10.946-0800: 0.771: [GC concurrent-mark-end, 0.0056305 secs]
2021-08-13T13:05:10.946-0800: 0.771: [GC remark 2021-08-13T13:05:10.946-0800: 0.771: [Finalize Marking, 0.0010479 secs] 2021-08-13T13:05:10.947-0800: 0.772: [GC ref-proc, 0.0000384 secs] 2021-08-13T13:05:10.947-0800: 0.772: [Unloading, 0.0036382 secs], 0.0057358 secs]
 [Times: user=0.01 sys=0.01, real=0.01 secs] 
2021-08-13T13:05:10.952-0800: 0.777: [GC cleanup 440M->431M(1024M), 0.0013162 secs]
 [Times: user=0.00 sys=0.00, real=0.00 secs] 
2021-08-13T13:05:10.953-0800: 0.779: [GC concurrent-cleanup-start]
2021-08-13T13:05:10.953-0800: 0.779: [GC concurrent-cleanup-end, 0.0000313 secs]
2021-08-13T13:05:10.989-0800: 0.815: [GC pause (G1 Evacuation Pause) (young), 0.0413543 secs]
   [Parallel Time: 39.9 ms, GC Workers: 8]
      [GC Worker Start (ms): Min: 815.0, Avg: 815.0, Max: 815.1, Diff: 0.1]
      [Ext Root Scanning (ms): Min: 0.1, Avg: 0.1, Max: 0.1, Diff: 0.1, Sum: 0.8]
      [Update RS (ms): Min: 0.2, Avg: 0.3, Max: 0.7, Diff: 0.5, Sum: 2.1]
         [Processed Buffers: Min: 0, Avg: 2.8, Max: 4, Diff: 4, Sum: 22]
      [Scan RS (ms): Min: 0.0, Avg: 0.0, Max: 0.0, Diff: 0.0, Sum: 0.2]
      [Code Root Scanning (ms): Min: 0.0, Avg: 0.0, Max: 0.0, Diff: 0.0, Sum: 0.0]
      [Object Copy (ms): Min: 38.3, Avg: 38.7, Max: 39.3, Diff: 1.0, Sum: 309.6]
      [Termination (ms): Min: 0.0, Avg: 0.7, Max: 1.2, Diff: 1.2, Sum: 5.7]
         [Termination Attempts: Min: 1, Avg: 2.0, Max: 3, Diff: 2, Sum: 16]
      [GC Worker Other (ms): Min: 0.0, Avg: 0.0, Max: 0.0, Diff: 0.0, Sum: 0.1]
      [GC Worker Total (ms): Min: 39.7, Avg: 39.8, Max: 39.9, Diff: 0.1, Sum: 318.4]
      [GC Worker End (ms): Min: 854.8, Avg: 854.8, Max: 854.9, Diff: 0.1]
   [Code Root Fixup: 0.0 ms]
   [Code Root Purge: 0.0 ms]
   [Clear CT: 0.1 ms]
   [Other: 1.3 ms]
      [Choose CSet: 0.0 ms]
      [Ref Proc: 0.3 ms]
      [Ref Enq: 0.0 ms]
      [Redirty Cards: 0.1 ms]
      [Humongous Register: 0.1 ms]
      [Humongous Reclaim: 0.1 ms]
      [Free CSet: 0.6 ms]
   [Eden: 148.0M(148.0M)->0.0B(24.0M) Survivors: 61.0M->27.0M Heap: 607.4M(1024.0M)->444.5M(1024.0M)]
 [Times: user=0.05 sys=0.07, real=0.05 secs] 
2021-08-13T13:05:11.036-0800: 0.862: [GC pause (G1 Evacuation Pause) (mixed), 0.0229034 secs]
   [Parallel Time: 22.0 ms, GC Workers: 8]
      [GC Worker Start (ms): Min: 862.1, Avg: 862.2, Max: 862.7, Diff: 0.6]
      [Ext Root Scanning (ms): Min: 0.0, Avg: 0.1, Max: 0.1, Diff: 0.1, Sum: 0.7]
      [Update RS (ms): Min: 0.0, Avg: 0.2, Max: 0.3, Diff: 0.3, Sum: 1.6]
         [Processed Buffers: Min: 0, Avg: 3.1, Max: 5, Diff: 5, Sum: 25]
      [Scan RS (ms): Min: 0.0, Avg: 0.0, Max: 0.2, Diff: 0.2, Sum: 0.4]
      [Code Root Scanning (ms): Min: 0.0, Avg: 0.0, Max: 0.0, Diff: 0.0, Sum: 0.0]
      [Object Copy (ms): Min: 19.5, Avg: 20.0, Max: 21.2, Diff: 1.7, Sum: 160.2]
      [Termination (ms): Min: 0.0, Avg: 1.3, Max: 1.8, Diff: 1.8, Sum: 10.1]
         [Termination Attempts: Min: 1, Avg: 1.0, Max: 1, Diff: 0, Sum: 8]
      [GC Worker Other (ms): Min: 0.0, Avg: 0.0, Max: 0.0, Diff: 0.0, Sum: 0.1]
      [GC Worker Total (ms): Min: 21.2, Avg: 21.6, Max: 21.8, Diff: 0.6, Sum: 173.0]
      [GC Worker End (ms): Min: 883.8, Avg: 883.9, Max: 883.9, Diff: 0.1]
   [Code Root Fixup: 0.0 ms]
   [Code Root Purge: 0.0 ms]
   [Clear CT: 0.2 ms]
   [Other: 0.7 ms]
      [Choose CSet: 0.0 ms]
      [Ref Proc: 0.2 ms]
      [Ref Enq: 0.0 ms]
      [Redirty Cards: 0.1 ms]
      [Humongous Register: 0.1 ms]
      [Humongous Reclaim: 0.0 ms]
      [Free CSet: 0.2 ms]
   [Eden: 24.0M(24.0M)->0.0B(350.0M) Survivors: 27.0M->7168.0K Heap: 476.8M(1024.0M)->385.0M(1024.0M)]
 [Times: user=0.03 sys=0.05, real=0.02 secs] 
2021-08-13T13:05:11.078-0800: 0.903: [GC pause (G1 Humongous Allocation) (young) (initial-mark), 0.0031557 secs]
   [Parallel Time: 2.6 ms, GC Workers: 8]
      [GC Worker Start (ms): Min: 903.3, Avg: 903.3, Max: 903.4, Diff: 0.1]
      [Ext Root Scanning (ms): Min: 0.1, Avg: 0.1, Max: 0.2, Diff: 0.1, Sum: 0.8]
      [Update RS (ms): Min: 0.2, Avg: 0.2, Max: 0.2, Diff: 0.1, Sum: 1.7]
         [Processed Buffers: Min: 0, Avg: 3.4, Max: 4, Diff: 4, Sum: 27]
      [Scan RS (ms): Min: 0.0, Avg: 0.0, Max: 0.0, Diff: 0.0, Sum: 0.0]
      [Code Root Scanning (ms): Min: 0.0, Avg: 0.0, Max: 0.0, Diff: 0.0, Sum: 0.0]
      [Object Copy (ms): Min: 1.8, Avg: 1.8, Max: 1.9, Diff: 0.2, Sum: 14.5]
      [Termination (ms): Min: 0.0, Avg: 0.2, Max: 0.4, Diff: 0.4, Sum: 2.0]
         [Termination Attempts: Min: 1, Avg: 1.8, Max: 3, Diff: 2, Sum: 14]
      [GC Worker Other (ms): Min: 0.0, Avg: 0.0, Max: 0.0, Diff: 0.0, Sum: 0.1]
      [GC Worker Total (ms): Min: 2.3, Avg: 2.4, Max: 2.5, Diff: 0.2, Sum: 19.1]
      [GC Worker End (ms): Min: 905.6, Avg: 905.7, Max: 905.8, Diff: 0.2]
   [Code Root Fixup: 0.0 ms]
   [Code Root Purge: 0.0 ms]
   [Clear CT: 0.1 ms]
   [Other: 0.5 ms]
      [Choose CSet: 0.0 ms]
      [Ref Proc: 0.1 ms]
      [Ref Enq: 0.0 ms]
      [Redirty Cards: 0.1 ms]
      [Humongous Register: 0.1 ms]
      [Humongous Reclaim: 0.0 ms]
      [Free CSet: 0.0 ms]
   [Eden: 57.0M(350.0M)->0.0B(311.0M) Survivors: 7168.0K->28.0M Heap: 457.8M(1024.0M)->404.0M(1024.0M)]
 [Times: user=0.01 sys=0.00, real=0.01 secs] 
2021-08-13T13:05:11.081-0800: 0.906: [GC concurrent-root-region-scan-start]
2021-08-13T13:05:11.081-0800: 0.906: [GC concurrent-root-region-scan-end, 0.0000794 secs]
2021-08-13T13:05:11.081-0800: 0.906: [GC concurrent-mark-start]
2021-08-13T13:05:11.082-0800: 0.908: [GC concurrent-mark-end, 0.0010102 secs]
2021-08-13T13:05:11.082-0800: 0.908: [GC remark 2021-08-13T13:05:11.082-0800: 0.908: [Finalize Marking, 0.0001735 secs] 2021-08-13T13:05:11.082-0800: 0.908: [GC ref-proc, 0.0000378 secs] 2021-08-13T13:05:11.082-0800: 0.908: [Unloading, 0.0003830 secs], 0.0012309 secs]
 [Times: user=0.00 sys=0.00, real=0.00 secs] 
2021-08-13T13:05:11.083-0800: 0.909: [GC cleanup 414M->413M(1024M), 0.0006363 secs]
 [Times: user=0.00 sys=0.00, real=0.00 secs] 
2021-08-13T13:05:11.084-0800: 0.910: [GC concurrent-cleanup-start]
2021-08-13T13:05:11.084-0800: 0.910: [GC concurrent-cleanup-end, 0.0000141 secs]
2021-08-13T13:05:11.203-0800: 1.029: [GC pause (G1 Evacuation Pause) (young), 0.0426072 secs]
   [Parallel Time: 40.7 ms, GC Workers: 8]
      [GC Worker Start (ms): Min: 1028.9, Avg: 1028.9, Max: 1029.1, Diff: 0.1]
      [Ext Root Scanning (ms): Min: 0.0, Avg: 0.1, Max: 0.5, Diff: 0.5, Sum: 1.1]
      [Update RS (ms): Min: 0.0, Avg: 0.3, Max: 0.4, Diff: 0.4, Sum: 2.1]
         [Processed Buffers: Min: 0, Avg: 3.9, Max: 8, Diff: 8, Sum: 31]
      [Scan RS (ms): Min: 0.0, Avg: 0.0, Max: 0.1, Diff: 0.0, Sum: 0.2]
      [Code Root Scanning (ms): Min: 0.0, Avg: 0.0, Max: 0.0, Diff: 0.0, Sum: 0.0]
      [Object Copy (ms): Min: 38.4, Avg: 39.3, Max: 39.9, Diff: 1.5, Sum: 314.0]
      [Termination (ms): Min: 0.0, Avg: 0.7, Max: 1.4, Diff: 1.4, Sum: 5.6]
         [Termination Attempts: Min: 1, Avg: 1.0, Max: 1, Diff: 0, Sum: 8]
      [GC Worker Other (ms): Min: 0.0, Avg: 0.1, Max: 0.8, Diff: 0.8, Sum: 0.9]
      [GC Worker Total (ms): Min: 40.3, Avg: 40.5, Max: 40.6, Diff: 0.3, Sum: 324.0]
      [GC Worker End (ms): Min: 1069.4, Avg: 1069.4, Max: 1069.6, Diff: 0.2]
   [Code Root Fixup: 0.0 ms]
   [Code Root Purge: 0.0 ms]
   [Clear CT: 0.2 ms]
   [Other: 1.7 ms]
      [Choose CSet: 0.0 ms]
      [Ref Proc: 1.0 ms]
      [Ref Enq: 0.0 ms]
      [Redirty Cards: 0.1 ms]
      [Humongous Register: 0.1 ms]
      [Humongous Reclaim: 0.2 ms]
      [Free CSet: 0.2 ms]
   [Eden: 311.0M(311.0M)->0.0B(8192.0K) Survivors: 28.0M->43.0M Heap: 799.0M(1024.0M)->496.8M(1024.0M)]
 [Times: user=0.06 sys=0.09, real=0.04 secs] 
2021-08-13T13:05:11.247-0800: 1.073: [GC pause (G1 Evacuation Pause) (mixed), 0.0184250 secs]
   [Parallel Time: 17.0 ms, GC Workers: 8]
      [GC Worker Start (ms): Min: 1073.2, Avg: 1073.2, Max: 1073.2, Diff: 0.1]
      [Ext Root Scanning (ms): Min: 0.1, Avg: 0.2, Max: 0.5, Diff: 0.4, Sum: 1.3]
      [Update RS (ms): Min: 0.0, Avg: 0.2, Max: 0.4, Diff: 0.4, Sum: 1.8]
         [Processed Buffers: Min: 0, Avg: 3.2, Max: 5, Diff: 5, Sum: 26]
      [Scan RS (ms): Min: 0.0, Avg: 0.0, Max: 0.1, Diff: 0.1, Sum: 0.3]
      [Code Root Scanning (ms): Min: 0.0, Avg: 0.0, Max: 0.0, Diff: 0.0, Sum: 0.0]
      [Object Copy (ms): Min: 14.1, Avg: 14.8, Max: 16.4, Diff: 2.3, Sum: 118.6]
      [Termination (ms): Min: 0.0, Avg: 1.6, Max: 2.3, Diff: 2.3, Sum: 13.1]
         [Termination Attempts: Min: 1, Avg: 1.4, Max: 4, Diff: 3, Sum: 11]
      [GC Worker Other (ms): Min: 0.0, Avg: 0.0, Max: 0.0, Diff: 0.0, Sum: 0.1]
      [GC Worker Total (ms): Min: 16.8, Avg: 16.9, Max: 17.0, Diff: 0.1, Sum: 135.1]
      [GC Worker End (ms): Min: 1090.0, Avg: 1090.1, Max: 1090.2, Diff: 0.1]
   [Code Root Fixup: 0.0 ms]
   [Code Root Purge: 0.0 ms]
   [Clear CT: 0.1 ms]
   [Other: 1.3 ms]
      [Choose CSet: 0.0 ms]
      [Ref Proc: 0.7 ms]
      [Ref Enq: 0.0 ms]
      [Redirty Cards: 0.1 ms]
      [Humongous Register: 0.1 ms]
      [Humongous Reclaim: 0.1 ms]
      [Free CSet: 0.2 ms]
   [Eden: 8192.0K(8192.0K)->0.0B(288.0M) Survivors: 43.0M->3072.0K Heap: 508.5M(1024.0M)->448.6M(1024.0M)]
 [Times: user=0.04 sys=0.05, real=0.02 secs] 
2021-08-13T13:05:11.266-0800: 1.092: [GC pause (G1 Humongous Allocation) (young) (initial-mark), 0.0023208 secs]
   [Parallel Time: 1.2 ms, GC Workers: 8]
      [GC Worker Start (ms): Min: 1091.9, Avg: 1092.0, Max: 1092.1, Diff: 0.2]
      [Ext Root Scanning (ms): Min: 0.0, Avg: 0.3, Max: 1.0, Diff: 1.0, Sum: 2.1]
      [Update RS (ms): Min: 0.0, Avg: 0.2, Max: 0.8, Diff: 0.8, Sum: 1.5]
         [Processed Buffers: Min: 0, Avg: 1.1, Max: 2, Diff: 2, Sum: 9]
      [Scan RS (ms): Min: 0.0, Avg: 0.0, Max: 0.0, Diff: 0.0, Sum: 0.0]
      [Code Root Scanning (ms): Min: 0.0, Avg: 0.0, Max: 0.0, Diff: 0.0, Sum: 0.0]
      [Object Copy (ms): Min: 0.0, Avg: 0.1, Max: 0.2, Diff: 0.2, Sum: 1.0]
      [Termination (ms): Min: 0.0, Avg: 0.5, Max: 0.7, Diff: 0.7, Sum: 3.7]
         [Termination Attempts: Min: 1, Avg: 1.1, Max: 2, Diff: 1, Sum: 9]
      [GC Worker Other (ms): Min: 0.0, Avg: 0.0, Max: 0.0, Diff: 0.0, Sum: 0.1]
      [GC Worker Total (ms): Min: 0.9, Avg: 1.1, Max: 1.2, Diff: 0.2, Sum: 8.5]
      [GC Worker End (ms): Min: 1093.0, Avg: 1093.0, Max: 1093.1, Diff: 0.1]
   [Code Root Fixup: 0.0 ms]
   [Code Root Purge: 0.0 ms]
   [Clear CT: 0.1 ms]
   [Other: 1.0 ms]
      [Choose CSet: 0.0 ms]
      [Ref Proc: 0.7 ms]
      [Ref Enq: 0.0 ms]
      [Redirty Cards: 0.1 ms]
      [Humongous Register: 0.1 ms]
      [Humongous Reclaim: 0.0 ms]
      [Free CSet: 0.0 ms]
   [Eden: 2048.0K(288.0M)->0.0B(284.0M) Survivors: 3072.0K->4096.0K Heap: 450.0M(1024.0M)->449.1M(1024.0M)]
 [Times: user=0.01 sys=0.00, real=0.00 secs] 
2021-08-13T13:05:11.269-0800: 1.094: [GC concurrent-root-region-scan-start]
2021-08-13T13:05:11.269-0800: 1.094: [GC concurrent-root-region-scan-end, 0.0000715 secs]
2021-08-13T13:05:11.269-0800: 1.094: [GC concurrent-mark-start]
2021-08-13T13:05:11.270-0800: 1.096: [GC concurrent-mark-end, 0.0013048 secs]
2021-08-13T13:05:11.270-0800: 1.096: [GC remark 2021-08-13T13:05:11.270-0800: 1.096: [Finalize Marking, 0.0007607 secs] 2021-08-13T13:05:11.271-0800: 1.097: [GC ref-proc, 0.0000398 secs] 2021-08-13T13:05:11.271-0800: 1.097: [Unloading, 0.0004757 secs], 0.0021081 secs]
 [Times: user=0.01 sys=0.00, real=0.00 secs] 
2021-08-13T13:05:11.272-0800: 1.098: [GC cleanup 452M->452M(1024M), 0.0008022 secs]
 [Times: user=0.00 sys=0.01, real=0.00 secs] 
Heap
 garbage-first heap   total 1048576K, used 515196K [0x0000000780000000, 0x0000000780102000, 0x00000007c0000000)
  region size 1024K, 43 young (44032K), 4 survivors (4096K)
 Metaspace       used 2578K, capacity 4486K, committed 4864K, reserved 1056768K
  class space    used 276K, capacity 386K, committed 512K, reserved 1048576K
